// Jest Snapshot v1, https://goo.gl/fbAQLP

exports[`start and run mocked CLI to create cordova-plugin 1`] = `
"Snapshot Diff:
- First value
+ Second value

@@ --- --- @@
    Object {
+     \\"prompts\\": Object {
+       \\"questions\\": Array [
+         Object {
+           \\"choices\\": Array [
+             Object {
+               \\"title\\": \\"Cordova app\\",
+               \\"value\\": \\"cordova-app\\",
+             },
+             Object {
+               \\"title\\": \\"Cordova plugin\\",
+               \\"value\\": \\"cordova-plugin\\",
+             },
+           ],
+           \\"default\\": 0,
+           \\"initial\\": 0,
+           \\"message\\": \\"Select module type\\",
+           \\"name\\": \\"moduleType\\",
+           \\"type\\": \\"select\\",
+         },
+       ],
+     },
+   },
+   Object {
+     \\"gitconfig\\": Object {
+       \\"location\\": \\"global\\",
+     },
+   },
+   Object {
+     \\"prompts\\": Object {
+       \\"questions\\": Array [
+         Object {
+           \\"default\\": \\"demo-plugin\\",
+           \\"initial\\": \\"demo-plugin\\",
+           \\"message\\": \\"Cordova plugin name\\",
+           \\"name\\": \\"name\\",
+           \\"type\\": \\"text\\",
+         },
+         Object {
+           \\"default\\": \\"com.demoplugin\\",
+           \\"initial\\": \\"com.demoplugin\\",
+           \\"message\\": \\"pluin id\\",
+           \\"name\\": \\"id\\",
+           \\"type\\": \\"text\\",
+         },
+         Object {
+           \\"default\\": \\"demo plugin\\",
+           \\"initial\\": \\"demo plugin\\",
+           \\"message\\": \\"Cordova plugin description\\",
+           \\"name\\": \\"description\\",
+           \\"type\\": \\"text\\",
+         },
+         Object {
+           \\"default\\": \\"0.0.1-dev\\",
+           \\"initial\\": \\"0.0.1-dev\\",
+           \\"message\\": \\"Initial plugin version\\",
+           \\"name\\": \\"version\\",
+           \\"type\\": \\"text\\",
+         },
+         Object {
+           \\"default\\": \\"MIT\\",
+           \\"initial\\": \\"MIT\\",
+           \\"message\\": \\"Cordova plugin license\\",
+           \\"name\\": \\"license\\",
+           \\"type\\": \\"text\\",
+         },
+         Object {
+           \\"default\\": \\"chris\\",
+           \\"initial\\": \\"chris\\",
+           \\"message\\": \\"Author name\\",
+           \\"name\\": \\"author\\",
+           \\"type\\": \\"text\\",
+         },
+         Object {
+           \\"default\\": \\"chris@chris.com\\",
+           \\"initial\\": \\"chris@chris.com\\",
+           \\"message\\": \\"Author email\\",
+           \\"name\\": \\"email\\",
+           \\"type\\": \\"text\\",
+         },
+         Object {
+           \\"default\\": \\"demo\\",
+           \\"initial\\": \\"demo\\",
+           \\"message\\": \\"plugin JavaScript module name (without js extension)\\",
+           \\"name\\": \\"jsModuleName\\",
+           \\"type\\": \\"text\\",
+         },
+         Object {
+           \\"default\\": \\"Demo\\",
+           \\"initial\\": \\"Demo\\",
+           \\"message\\": \\"plugin JavaScript object name\\",
+           \\"name\\": \\"jsObjectName\\",
+           \\"type\\": \\"text\\",
+         },
+         Object {
+           \\"default\\": \\"demo\\",
+           \\"initial\\": \\"demo\\",
+           \\"message\\": \\"plugin JavaScript function name\\",
+           \\"name\\": \\"jsFunctionName\\",
+           \\"type\\": \\"text\\",
+         },
+       ],
+     },
+   },
+   Object {
+     \\"fsTree\\": Object {
        \\"test-plugin\\": Object {
@@ --- --- @@
  \\",
+         },
        },"
`;
