// Jest Snapshot v1, https://goo.gl/fbAQLP

exports[`start and run mocked CLI to create cordova-plugin 1`] = `
"Snapshot Diff:
- First value
+ Second value

@@ --- --- @@
    Object {
+     \\"prompts\\": Object {
+       \\"questions\\": Array [
+         Object {
+           \\"choices\\": Array [
+             Object {
+               \\"title\\": \\"Cordova app\\",
+               \\"value\\": \\"cordova-app\\",
+             },
+             Object {
+               \\"title\\": \\"Cordova plugin\\",
+               \\"value\\": \\"cordova-plugin\\",
+             },
+           ],
+           \\"default\\": 0,
+           \\"initial\\": 0,
+           \\"message\\": \\"Select module type\\",
+           \\"name\\": \\"moduleType\\",
+           \\"type\\": \\"select\\",
+         },
+       ],
+     },
+   },
+   Object {
+     \\"gitconfig\\": Object {
+       \\"location\\": \\"global\\",
+     },
+   },
+   Object {
+     \\"prompts\\": Object {
+       \\"questions\\": Array [
+         Object {
+           \\"default\\": \\"demo-plugin\\",
+           \\"initial\\": \\"demo-plugin\\",
+           \\"message\\": \\"Cordova plugin name\\",
+           \\"name\\": \\"name\\",
+           \\"type\\": \\"text\\",
+         },
+         Object {
+           \\"default\\": \\"com.demoplugin\\",
+           \\"initial\\": \\"com.demoplugin\\",
+           \\"message\\": \\"pluin id\\",
+           \\"name\\": \\"id\\",
+           \\"type\\": \\"text\\",
+         },
+         Object {
+           \\"default\\": \\"demo plugin\\",
+           \\"initial\\": \\"demo plugin\\",
+           \\"message\\": \\"Cordova plugin description\\",
+           \\"name\\": \\"description\\",
+           \\"type\\": \\"text\\",
+         },
+         Object {
+           \\"default\\": \\"0.0.1-dev\\",
+           \\"initial\\": \\"0.0.1-dev\\",
+           \\"message\\": \\"Initial plugin version\\",
+           \\"name\\": \\"version\\",
+           \\"type\\": \\"text\\",
+         },
+         Object {
+           \\"default\\": \\"MIT\\",
+           \\"initial\\": \\"MIT\\",
+           \\"message\\": \\"Cordova plugin license\\",
+           \\"name\\": \\"license\\",
+           \\"type\\": \\"text\\",
+         },
+         Object {
+           \\"default\\": \\"chris\\",
+           \\"initial\\": \\"chris\\",
+           \\"message\\": \\"Author name\\",
+           \\"name\\": \\"author\\",
+           \\"type\\": \\"text\\",
+         },
+         Object {
+           \\"default\\": \\"chris@chris.com\\",
+           \\"initial\\": \\"chris@chris.com\\",
+           \\"message\\": \\"Author email\\",
+           \\"name\\": \\"email\\",
+           \\"type\\": \\"text\\",
+         },
+         Object {
+           \\"default\\": \\"demo\\",
+           \\"initial\\": \\"demo\\",
+           \\"message\\": \\"plugin JavaScript module name (without js extension)\\",
+           \\"name\\": \\"jsModuleName\\",
+           \\"type\\": \\"text\\",
+         },
+         Object {
+           \\"default\\": \\"Demo\\",
+           \\"initial\\": \\"Demo\\",
+           \\"message\\": \\"plugin JavaScript object name\\",
+           \\"name\\": \\"jsObjectName\\",
+           \\"type\\": \\"text\\",
+         },
+         Object {
+           \\"default\\": \\"demo\\",
+           \\"initial\\": \\"demo\\",
+           \\"message\\": \\"plugin JavaScript function name\\",
+           \\"name\\": \\"jsFunctionName\\",
+           \\"type\\": \\"text\\",
+         },
+         Object {
+           \\"default\\": \\"Demo\\",
+           \\"initial\\": \\"Demo\\",
+           \\"message\\": \\"native object name\\",
+           \\"name\\": \\"nativeObjectName\\",
+           \\"type\\": \\"text\\",
+         },
+         Object {
+           \\"default\\": \\"com.demo\\",
+           \\"initial\\": \\"com.demo\\",
+           \\"message\\": \\"Android package name\\",
+           \\"name\\": \\"androidPackageName\\",
+           \\"type\\": \\"text\\",
+         },
+         Object {
+           \\"default\\": \\"demo\\",
+           \\"initial\\": \\"demo\\",
+           \\"message\\": \\"native function name\\",
+           \\"name\\": \\"nativeFunctionName\\",
+           \\"type\\": \\"text\\",
+         },
+       ],
+     },
+   },
+   Object {
+     \\"fsTree\\": Object {
        \\"test-plugin\\": Object {
@@ --- --- @@
      },
+   },
    Object {
-     \\"undefined\\": Object {
-       \\"README.md\\": \\"# 
+     \\"prompts\\": Object {
+       \\"questions\\": Array [
+         Object {
+           \\"default\\": \\"demo-app\\",
+           \\"initial\\": \\"demo-app\\",
+           \\"message\\": \\"Cordova plugin demo app name\\",
+           \\"name\\": \\"demoAppName\\",
+           \\"type\\": \\"text\\",
+         },
+         Object {
+           \\"default\\": \\"com.demoapp\\",
+           \\"initial\\": \\"com.demoapp\\",
+           \\"message\\": \\"Cordova plugin demo app id\\",
+           \\"name\\": \\"id\\",
+           \\"type\\": \\"text\\",
+         },
+         Object {
+           \\"default\\": \\"demo app\\",
+           \\"initial\\": \\"demo app\\",
+           \\"message\\": \\"Cordova plugin demo app description\\",
+           \\"name\\": \\"description\\",
+           \\"type\\": \\"text\\",
+         },
+         Object {
+           \\"default\\": \\"0.0.1-dev\\",
+           \\"initial\\": \\"0.0.1-dev\\",
+           \\"message\\": \\"plugin demo app version\\",
+           \\"name\\": \\"version\\",
+           \\"type\\": \\"text\\",
+         },
+         Object {
+           \\"default\\": \\"MIT\\",
+           \\"initial\\": \\"MIT\\",
+           \\"message\\": \\"plugin demo app license\\",
+           \\"name\\": \\"license\\",
+           \\"type\\": \\"text\\",
+         },
+         Object {
+           \\"default\\": \\"Alice\\",
+           \\"initial\\": \\"Alice\\",
+           \\"message\\": \\"demo app author name\\",
+           \\"name\\": \\"author\\",
+           \\"type\\": \\"text\\",
+         },
+         Object {
+           \\"default\\": \\"alice@alice.com\\",
+           \\"initial\\": \\"alice@alice.com\\",
+           \\"message\\": \\"demo app author email\\",
+           \\"name\\": \\"email\\",
+           \\"type\\": \\"text\\",
+         },
+         Object {
+           \\"default\\": \\"TestObject\\",
+           \\"initial\\": \\"TestObject\\",
+           \\"message\\": \\"demo app JavaScript object name from plugin (should match plugin)\\",
+           \\"name\\": \\"jsObjectName\\",
+           \\"type\\": \\"text\\",
+         },
+         Object {
+           \\"default\\": \\"testFunction\\",
+           \\"initial\\": \\"testFunction\\",
+           \\"message\\": \\"demo app JavaScript function name from plugin (should match plugin)\\",
+           \\"name\\": \\"jsFunctionName\\",
+           \\"type\\": \\"text\\",
+         },
+       ],
+     },
+   },
+   Object {
+     \\"fsTree\\": Object {
+       \\"test-plugin-demo-app\\": Object {
+         \\"README.md\\": \\"# test-plugin-demo-app

@@ --- --- @@
  \\",
-       \\"config.xml\\": \\"<widget id=\\\\\\"cc.testplugin\\\\\\" version=\\\\\\"0.1.1\\\\\\">
+         \\"config.xml\\": \\"<widget id=\\\\\\"cc.plugintestdemo\\\\\\" version=\\\\\\"0.1.1\\\\\\">
+   <name>test-plugin-demo-app</name>
    <description>test plugin</description>
@@ --- --- @@
          \\"package.json\\": \\"{
+   \\\\\\"name\\\\\\": \\\\\\"test-plugin-demo-app\\\\\\",
    \\\\\\"version\\\\\\": \\\\\\"0.1.1\\\\\\",
@@ --- --- @@
    <body>
+     <h1>test-plugin-demo-app</h1>
      <div id=\\\\\\"status\\\\\\"/>
@@ --- --- @@
  \\",
+         },
        },"
`;
